// Jest Snapshot v1, https://goo.gl/fbAQLP

exports[`App doesn't break snapshot 1`] = `
<div>
  <header
    class="header"
    data-testid="header"
  >
    <div
      class="header-content"
    >
      <img
        alt="logo"
        class="logo"
        src="/logo.png"
      />
    </div>
  </header>
  <main
    class="main"
    data-testid="homeview"
  >
    <h1
      class="title"
    >
      <span
        class="title__count"
      >
        3 
      </span>
      sneakers
    </h1>
    <hr
      class="separator "
    />
    <div
      class="select__container"
    >
      <label
        class="label"
        data-testid="label"
        for="Sort by-select"
      >
        Sort by
        <div
          class="select__container"
        >
          <select
            class="select"
            data-testid="select"
            id="Sort by-select"
          >
            <option
              data-testid="option-"
              disabled=""
              value=""
            />
            <option
              data-testid="option-PRICE_ASCENDING"
              value="PRICE_ASCENDING"
            >
              price ascending
            </option>
            <option
              data-testid="option-PRICE_DESCENDING"
              value="PRICE_DESCENDING"
            >
              price descending
            </option>
            <option
              data-testid="option-DATE_DESCENDING"
              value="DATE_DESCENDING"
            >
              date descending
            </option>
          </select>
        </div>
      </label>
    </div>
    <section
      class="container"
      data-testid="card-list"
    >
      <a
        data-testid="card-link"
        href="/fake-url"
      >
        <div
          class="container"
        >
          <img
            alt="The Fake shoes sneaker by Jest dude"
            class="image"
            src="/sneakers-placeholder.png"
          />
          <div
            class="section-infos"
          >
            <p
              class="name"
            >
              Fake shoes
            </p>
            <p
              class="price"
            >
              999
              <span>
                €
              </span>
            </p>
          </div>
          <p
            class="brand"
          >
            Jest dude
          </p>
        </div>
      </a>
      <a
        data-testid="card-link"
        href="/fake-url"
      >
        <div
          class="container"
        >
          <img
            alt="The Fake shoes sneaker by Jest dude"
            class="image"
            src="/sneakers-placeholder.png"
          />
          <div
            class="section-infos"
          >
            <p
              class="name"
            >
              Fake shoes
            </p>
            <p
              class="price"
            >
              999
              <span>
                €
              </span>
            </p>
          </div>
          <p
            class="brand"
          >
            Jest dude
          </p>
        </div>
      </a>
      <a
        data-testid="card-link"
        href="/fake-url"
      >
        <div
          class="container"
        >
          <img
            alt="The Fake shoes sneaker by Jest dude"
            class="image"
            src="/sneakers-placeholder.png"
          />
          <div
            class="section-infos"
          >
            <p
              class="name"
            >
              Fake shoes
            </p>
            <p
              class="price"
            >
              999
              <span>
                €
              </span>
            </p>
          </div>
          <p
            class="brand"
          >
            Jest dude
          </p>
        </div>
      </a>
    </section>
  </main>
</div>
`;
