// Jest Snapshot v1, https://goo.gl/fbAQLP

exports[`App doesn't break snapshot 1`] = `
<div>
  <header
    class="header"
    data-testid="header"
  >
    <div
      class="header-content"
    >
      <img
        alt="logo"
        class="logo"
        src="/logo.png"
      />
    </div>
  </header>
  <main
    class="main"
  >
    <h1
      class="title"
    >
      <span
        class="title__count"
      >
        3 
      </span>
      sneakers
    </h1>
    <hr
      class="separator"
    />
    <section
      class="container"
      data-testid="card-list"
    >
      <a
        data-testid="card-link"
        href="/fake-url"
      >
        <div
          class="container"
        >
          <img
            alt="The Fake shoes sneaker by Jest dude"
            class="image"
            src="/sneakers-placeholder.png"
          />
          <div
            class="section-infos"
          >
            <p
              class="name"
            >
              Fake shoes
            </p>
            <p
              class="price"
            >
              999
              <span>
                €
              </span>
            </p>
          </div>
          <p
            class="brand"
          >
            Jest dude
          </p>
        </div>
      </a>
      <a
        data-testid="card-link"
        href="/fake-url"
      >
        <div
          class="container"
        >
          <img
            alt="The Fake shoes sneaker by Jest dude"
            class="image"
            src="/sneakers-placeholder.png"
          />
          <div
            class="section-infos"
          >
            <p
              class="name"
            >
              Fake shoes
            </p>
            <p
              class="price"
            >
              999
              <span>
                €
              </span>
            </p>
          </div>
          <p
            class="brand"
          >
            Jest dude
          </p>
        </div>
      </a>
      <a
        data-testid="card-link"
        href="/fake-url"
      >
        <div
          class="container"
        >
          <img
            alt="The Fake shoes sneaker by Jest dude"
            class="image"
            src="/sneakers-placeholder.png"
          />
          <div
            class="section-infos"
          >
            <p
              class="name"
            >
              Fake shoes
            </p>
            <p
              class="price"
            >
              999
              <span>
                €
              </span>
            </p>
          </div>
          <p
            class="brand"
          >
            Jest dude
          </p>
        </div>
      </a>
    </section>
  </main>
</div>
`;
